Archive member included to satisfy reference by file (symbol)

c:/users/shizune/desktop/embeetle/embeetle/beetle_tools/windows/gnu_riscv_xpack_toolchain_10.2.0_1.2_64b/bin/../lib/gcc/riscv-none-embed/10.2.0/rv32ec/ilp32e\libgcc.a(save-restore.o)
                              project/source/Debug/debug.c.o (__riscv_save_2)
c:/users/shizune/desktop/embeetle/embeetle/beetle_tools/windows/gnu_riscv_xpack_toolchain_10.2.0_1.2_64b/bin/../lib/gcc/riscv-none-embed/10.2.0/rv32ec/ilp32e\libgcc.a(muldi3.o)
                              project/source/Debug/debug.c.o (__mulsi3)
c:/users/shizune/desktop/embeetle/embeetle/beetle_tools/windows/gnu_riscv_xpack_toolchain_10.2.0_1.2_64b/bin/../lib/gcc/riscv-none-embed/10.2.0/rv32ec/ilp32e\libgcc.a(div.o)
                              project/source/Debug/debug.c.o (__udivsi3)

Discarded input sections

 .group         0x0000000000000000        0xc project/source/Debug/debug.c.o
 .group         0x0000000000000000        0xc project/source/Debug/debug.c.o
 .group         0x0000000000000000        0xc project/source/Debug/debug.c.o
 .group         0x0000000000000000        0xc project/source/Debug/debug.c.o
 .group         0x0000000000000000        0xc project/source/Debug/debug.c.o
 .group         0x0000000000000000        0xc project/source/Debug/debug.c.o
 .group         0x0000000000000000        0xc project/source/Debug/debug.c.o
 .group         0x0000000000000000        0xc project/source/Debug/debug.c.o
 .group         0x0000000000000000        0xc project/source/Debug/debug.c.o
 .group         0x0000000000000000        0xc project/source/Debug/debug.c.o
 .group         0x0000000000000000        0xc project/source/Debug/debug.c.o
 .group         0x0000000000000000        0xc project/source/Debug/debug.c.o
 .group         0x0000000000000000        0xc project/source/Debug/debug.c.o
 .group         0x0000000000000000        0xc project/source/Debug/debug.c.o
 .group         0x0000000000000000        0xc project/source/Debug/debug.c.o
 .group         0x0000000000000000        0xc project/source/Debug/debug.c.o
 .group         0x0000000000000000        0xc project/source/Debug/debug.c.o
 .group         0x0000000000000000        0xc project/source/Debug/debug.c.o
 .group         0x0000000000000000        0xc project/source/Debug/debug.c.o
 .group         0x0000000000000000        0xc project/source/Debug/debug.c.o
 .group         0x0000000000000000        0xc project/source/Debug/debug.c.o
 .group         0x0000000000000000        0xc project/source/Debug/debug.c.o
 .group         0x0000000000000000        0xc project/source/Debug/debug.c.o
 .group         0x0000000000000000        0xc project/source/Debug/debug.c.o
 .group         0x0000000000000000        0xc project/source/Debug/debug.c.o
 .group         0x0000000000000000        0xc project/source/Debug/debug.c.o
 .group         0x0000000000000000        0xc project/source/Debug/debug.c.o
 .group         0x0000000000000000        0xc project/source/Debug/debug.c.o
 .group         0x0000000000000000        0xc project/source/Debug/debug.c.o
 .group         0x0000000000000000        0xc project/source/Debug/debug.c.o
 .group         0x0000000000000000        0xc project/source/Debug/debug.c.o
 .group         0x0000000000000000        0xc project/source/Debug/debug.c.o
 .group         0x0000000000000000        0xc project/source/Debug/debug.c.o
 .group         0x0000000000000000        0xc project/source/Debug/debug.c.o
 .group         0x0000000000000000        0xc project/source/Debug/debug.c.o
 .group         0x0000000000000000        0xc project/source/Debug/debug.c.o
 .group         0x0000000000000000        0xc project/source/Debug/debug.c.o
 .group         0x0000000000000000        0xc project/source/Debug/debug.c.o
 .group         0x0000000000000000        0xc project/source/Debug/debug.c.o
 .group         0x0000000000000000        0xc project/source/Debug/debug.c.o
 .group         0x0000000000000000        0xc project/source/Debug/debug.c.o
 .group         0x0000000000000000        0xc project/source/Debug/debug.c.o
 .group         0x0000000000000000        0xc project/source/Debug/debug.c.o
 .group         0x0000000000000000        0xc project/source/Debug/debug.c.o
 .group         0x0000000000000000        0xc project/source/Debug/debug.c.o
 .group         0x0000000000000000        0xc project/source/Debug/debug.c.o
 .group         0x0000000000000000        0xc project/source/Debug/debug.c.o
 .group         0x0000000000000000        0xc project/source/Debug/debug.c.o
 .group         0x0000000000000000        0xc project/source/Debug/debug.c.o
 .group         0x0000000000000000        0xc project/source/Debug/debug.c.o
 .group         0x0000000000000000        0xc project/source/Debug/debug.c.o
 .group         0x0000000000000000        0xc project/source/Debug/debug.c.o
 .text          0x0000000000000000        0x0 project/source/Debug/debug.c.o
[...]
Memory Configuration

Name             Origin             Length             Attributes
FLASH            0x0000000000000000 0x0000000000004000 xr
RAM              0x0000000020000000 0x0000000000000800 xrw
*default*        0x0000000000000000 0xffffffffffffffff

Linker script and memory map

LOAD project/source/Debug/debug.c.o
LOAD project/source/Peripheral/src/ch32v00x_gpio.c.o
LOAD project/source/Peripheral/src/ch32v00x_misc.c.o
LOAD project/source/Peripheral/src/ch32v00x_rcc.c.o
LOAD project/source/Peripheral/src/ch32v00x_usart.c.o
LOAD project/source/user_code/ch32v00x_it.c.o
LOAD project/source/user_code/main.c.o
LOAD project/source/user_code/system_ch32v00x.c.o
LOAD project/source/Startup/startup_ch32v00x.S.o
LOAD c:/users/shizune/desktop/embeetle/embeetle/beetle_tools/windows/gnu_riscv_xpack_toolchain_10.2.0_1.2_64b/bin/../lib/gcc/riscv-none-embed/10.2.0/rv32ec/ilp32e\libgcc.a
LOAD c:/users/shizune/desktop/embeetle/embeetle/beetle_tools/windows/gnu_riscv_xpack_toolchain_10.2.0_1.2_64b/bin/../lib/gcc/riscv-none-embed/10.2.0/../../../../riscv-none-embed/lib/rv32ec/ilp32e\libg_nano.a
LOAD c:/users/shizune/desktop/embeetle/embeetle/beetle_tools/windows/gnu_riscv_xpack_toolchain_10.2.0_1.2_64b/bin/../lib/gcc/riscv-none-embed/10.2.0/../../../../riscv-none-embed/lib/rv32ec/ilp32e\libc_nano.a
LOAD c:/users/shizune/desktop/embeetle/embeetle/beetle_tools/windows/gnu_riscv_xpack_toolchain_10.2.0_1.2_64b/bin/../lib/gcc/riscv-none-embed/10.2.0/rv32ec/ilp32e\libgcc.a
START GROUP
LOAD c:/users/shizune/desktop/embeetle/embeetle/beetle_tools/windows/gnu_riscv_xpack_toolchain_10.2.0_1.2_64b/bin/../lib/gcc/riscv-none-embed/10.2.0/rv32ec/ilp32e\libgcc.a
LOAD c:/users/shizune/desktop/embeetle/embeetle/beetle_tools/windows/gnu_riscv_xpack_toolchain_10.2.0_1.2_64b/bin/../lib/gcc/riscv-none-embed/10.2.0/../../../../riscv-none-embed/lib/rv32ec/ilp32e\libc_nano.a
LOAD c:/users/shizune/desktop/embeetle/embeetle/beetle_tools/windows/gnu_riscv_xpack_toolchain_10.2.0_1.2_64b/bin/../lib/gcc/riscv-none-embed/10.2.0/../../../../riscv-none-embed/lib/rv32ec/ilp32e\libnosys.a
END GROUP
START GROUP
LOAD c:/users/shizune/desktop/embeetle/embeetle/beetle_tools/windows/gnu_riscv_xpack_toolchain_10.2.0_1.2_64b/bin/../lib/gcc/riscv-none-embed/10.2.0/rv32ec/ilp32e\libgcc.a
LOAD c:/users/shizune/desktop/embeetle/embeetle/beetle_tools/windows/gnu_riscv_xpack_toolchain_10.2.0_1.2_64b/bin/../lib/gcc/riscv-none-embed/10.2.0/../../../../riscv-none-embed/lib/rv32ec/ilp32e\libc_nano.a
LOAD c:/users/shizune/desktop/embeetle/embeetle/beetle_tools/windows/gnu_riscv_xpack_toolchain_10.2.0_1.2_64b/bin/../lib/gcc/riscv-none-embed/10.2.0/../../../../riscv-none-embed/lib/rv32ec/ilp32e\libnosys.a
END GROUP
                0x0000000000000100                __stack_size = 0x100
                [!provide]                        PROVIDE (_stack_size = __stack_size)

.init           0x0000000000000000       0xa0
                0x0000000000000000                _sinit = .
                0x0000000000000000                . = ALIGN (0x4)
 *(SORT_NONE(.init))
 .init          0x0000000000000000       0x9e project/source/Startup/startup_ch32v00x.S.o
                0x0000000000000000                _start
                0x00000000000000a0                . = ALIGN (0x4)
 *fill*         0x000000000000009e        0x2 
                0x00000000000000a0                _einit = .

.text           0x00000000000000a0      0x9f4
                0x00000000000000a0                . = ALIGN (0x4)
 *(.text)
 .text          0x00000000000000a0       0x14 c:/users/shizune/desktop/embeetle/embeetle/beetle_tools/windows/gnu_riscv_xpack_toolchain_10.2.0_1.2_64b/bin/../lib/gcc/riscv-none-embed/10.2.0/rv32ec/ilp32e\libgcc.a(save-restore.o)
                0x00000000000000a0                __riscv_save_1
                0x00000000000000a0                __riscv_save_2
                0x00000000000000a0                __riscv_save_0
                0x00000000000000aa                __riscv_restore_0
                0x00000000000000aa                __riscv_restore_1
                0x00000000000000aa                __riscv_restore_2
 .text          0x00000000000000b4       0x16 c:/users/shizune/desktop/embeetle/embeetle/beetle_tools/windows/gnu_riscv_xpack_toolchain_10.2.0_1.2_64b/bin/../lib/gcc/riscv-none-embed/10.2.0/rv32ec/ilp32e\libgcc.a(muldi3.o)
                0x00000000000000b4                __mulsi3
 *fill*         0x00000000000000ca        0x2 
 .text          0x00000000000000cc       0x7e c:/users/shizune/desktop/embeetle/embeetle/beetle_tools/windows/gnu_riscv_xpack_toolchain_10.2.0_1.2_64b/bin/../lib/gcc/riscv-none-embed/10.2.0/rv32ec/ilp32e\libgcc.a(div.o)
                0x00000000000000cc                __divsi3
                0x00000000000000d4                __udivsi3
                0x0000000000000100                __umodsi3
                0x0000000000000124                __modsi3
 *(.text.*)
 .text.Delay_Init
                0x000000000000014a       0x38 project/source/Debug/debug.c.o
                0x000000000000014a                Delay_Init
 .text.Delay_Us
                0x0000000000000182       0x3e project/source/Debug/debug.c.o
                0x0000000000000182                Delay_Us
 .text.Delay_Ms
                0x00000000000001c0       0x3e project/source/Debug/debug.c.o
                0x00000000000001c0                Delay_Ms
 .text.GPIO_Init
                0x00000000000001fe       0xda project/source/Peripheral/src/ch32v00x_gpio.c.o
                0x00000000000001fe                GPIO_Init
 .text.GPIO_ReadInputDataBit
                0x00000000000002d8        0xe project/source/Peripheral/src/ch32v00x_gpio.c.o
                0x00000000000002d8                GPIO_ReadInputDataBit
 .text.GPIO_WriteBit
                0x00000000000002e6        0xa project/source/Peripheral/src/ch32v00x_gpio.c.o
                0x00000000000002e6                GPIO_WriteBit
 .text.GPIO_PinRemapConfig
                0x00000000000002f0       0xd2 project/source/Peripheral/src/ch32v00x_gpio.c.o
                0x00000000000002f0                GPIO_PinRemapConfig
 .text.NVIC_PriorityGroupConfig
                0x00000000000003c2        0xa project/source/Peripheral/src/ch32v00x_misc.c.o
                0x00000000000003c2                NVIC_PriorityGroupConfig
 .text.RCC_APB2PeriphClockCmd
                0x00000000000003cc       0x1e project/source/Peripheral/src/ch32v00x_rcc.c.o
                0x00000000000003cc                RCC_APB2PeriphClockCmd
 .text.NMI_Handler
                0x00000000000003ea        0x2 project/source/user_code/ch32v00x_it.c.o
                0x00000000000003ea                NMI_Handler
 .text.HardFault_Handler
                0x00000000000003ec        0x2 project/source/user_code/ch32v00x_it.c.o
                0x00000000000003ec                HardFault_Handler
 .text.GPIO_Config
                0x00000000000003ee       0xcc project/source/user_code/main.c.o
                0x00000000000003ee                GPIO_Config
 .text.SetMultiplexSwitch
                0x00000000000004ba       0x66 project/source/user_code/main.c.o
                0x00000000000004ba                SetMultiplexSwitch
 .text.ReadSwitch
                0x0000000000000520       0x68 project/source/user_code/main.c.o
                0x0000000000000520                ReadSwitch
 .text.SetLEDpin
                0x0000000000000588       0xe6 project/source/user_code/main.c.o
                0x0000000000000588                SetLEDpin
 .text.morsedebug
                0x000000000000066e       0x5a project/source/user_code/main.c.o
                0x000000000000066e                morsedebug
 .text.main     0x00000000000006c8      0x104 project/source/user_code/main.c.o
                0x00000000000006c8                main
 .text.SetSysClockTo_48MHz_HSE
                0x00000000000007cc       0xce project/source/user_code/system_ch32v00x.c.o
 .text.SetSysClock
                0x000000000000089a        0x2 project/source/user_code/system_ch32v00x.c.o
 .text.SystemInit
                0x000000000000089c       0x40 project/source/user_code/system_ch32v00x.c.o
                0x000000000000089c                SystemInit
 .text.SystemCoreClockUpdate
                0x00000000000008dc       0xca project/source/user_code/system_ch32v00x.c.o
                0x00000000000008dc                SystemCoreClockUpdate
 .text.vector_handler
                0x00000000000009a6       0x36 project/source/Startup/startup_ch32v00x.S.o
                0x00000000000009aa                SysTick_Handler
                0x00000000000009ac                SW_Handler
                0x00000000000009ae                WWDG_IRQHandler
                0x00000000000009b0                PVD_IRQHandler
                0x00000000000009b2                FLASH_IRQHandler
                0x00000000000009b4                RCC_IRQHandler
                0x00000000000009b6                EXTI7_0_IRQHandler
                0x00000000000009b8                AWU_IRQHandler
                0x00000000000009ba                DMA1_Channel1_IRQHandler
                0x00000000000009bc                DMA1_Channel2_IRQHandler
                0x00000000000009be                DMA1_Channel3_IRQHandler
                0x00000000000009c0                DMA1_Channel4_IRQHandler
                0x00000000000009c2                DMA1_Channel5_IRQHandler
                0x00000000000009c4                DMA1_Channel6_IRQHandler
                0x00000000000009c6                DMA1_Channel7_IRQHandler
                0x00000000000009c8                ADC1_IRQHandler
                0x00000000000009ca                I2C1_EV_IRQHandler
                0x00000000000009cc                I2C1_ER_IRQHandler
                0x00000000000009ce                USART1_IRQHandler
                0x00000000000009d0                SPI1_IRQHandler
                0x00000000000009d2                TIM1_BRK_IRQHandler
                0x00000000000009d4                TIM1_UP_IRQHandler
                0x00000000000009d6                TIM1_TRG_COM_IRQHandler
                0x00000000000009d8                TIM1_CC_IRQHandler
                0x00000000000009da                TIM2_IRQHandler
 .text.handle_reset
                0x00000000000009dc       0x84 project/source/Startup/startup_ch32v00x.S.o
                0x00000000000009dc                handle_reset
 *(.rodata)
 *fill*         0x0000000000000a60        0x0 
 .rodata        0x0000000000000a60       0x20 project/source/user_code/main.c.o
 *(.rodata*)
 .rodata.SetMultiplexSwitch
                0x0000000000000a80       0x14 project/source/user_code/main.c.o
 *(.gnu.linkonce.t.*)
                0x0000000000000a94                . = ALIGN (0x4)

.rela.dyn       0x0000000000000a94        0x0
 .rela.init     0x0000000000000a94        0x0 project/source/Debug/debug.c.o
 .rela.text.handle_reset
                0x0000000000000a94        0x0 project/source/Debug/debug.c.o

.fini           0x0000000000000a94        0x0
 *(SORT_NONE(.fini))
                0x0000000000000a94                . = ALIGN (0x4)
                [!provide]                        PROVIDE (_etext = .)
                [!provide]                        PROVIDE (_eitcm = .)

.preinit_array  0x0000000000000a94        0x0
                [!provide]                        PROVIDE (__preinit_array_start = .)
 *(.preinit_array)
                [!provide]                        PROVIDE (__preinit_array_end = .)

.init_array     0x0000000000000a94        0x0
                [!provide]                        PROVIDE (__init_array_start = .)
 *(SORT_BY_INIT_PRIORITY(.init_array.*) SORT_BY_INIT_PRIORITY(.ctors.*))
 *(.init_array EXCLUDE_FILE(*crtend?.o *crtend.o *crtbegin?.o *crtbegin.o) .ctors)
                [!provide]                        PROVIDE (__init_array_end = .)

.fini_array     0x0000000000000a94        0x0
                [!provide]                        PROVIDE (__fini_array_start = .)
 *(SORT_BY_INIT_PRIORITY(.fini_array.*) SORT_BY_INIT_PRIORITY(.dtors.*))
 *(.fini_array EXCLUDE_FILE(*crtend?.o *crtend.o *crtbegin?.o *crtbegin.o) .dtors)
                [!provide]                        PROVIDE (__fini_array_end = .)

.ctors
 *crtbegin.o(.ctors)
 *crtbegin?.o(.ctors)
 *(EXCLUDE_FILE(*crtend?.o *crtend.o) .ctors)
 *(SORT_BY_NAME(.ctors.*))
 *(.ctors)

.dtors
 *crtbegin.o(.dtors)
 *crtbegin?.o(.dtors)
 *(EXCLUDE_FILE(*crtend?.o *crtend.o) .dtors)
 *(SORT_BY_NAME(.dtors.*))
 *(.dtors)

.dalign         0x0000000020000000        0x0 load address 0x0000000000000a94
                0x0000000020000000                . = ALIGN (0x4)
                0x0000000020000000                PROVIDE (_data_vma = .)

.dlalign        0x0000000000000a94        0x0
                0x0000000000000a94                . = ALIGN (0x4)
                0x0000000000000a94                PROVIDE (_data_lma = .)

.data           0x0000000020000000       0x18 load address 0x0000000000000a94
                0x0000000020000000                . = ALIGN (0x4)
 *(.gnu.linkonce.r.*)
 *(.data .data.*)
 .data.AHBPrescTable
                0x0000000020000000       0x10 project/source/user_code/system_ch32v00x.c.o
                0x0000000020000000                AHBPrescTable
 .data.SystemCoreClock
                0x0000000020000010        0x4 project/source/user_code/system_ch32v00x.c.o
                0x0000000020000010                SystemCoreClock
 *(.gnu.linkonce.d.*)
                0x0000000020000018                . = ALIGN (0x8)
 *fill*         0x0000000020000014        0x4 
                0x0000000020000818                PROVIDE (__global_pointer$ = (. + 0x800))
 *(.sdata .sdata.*)
 *(.sdata2*)
 *(.gnu.linkonce.s.*)
                0x0000000020000018                . = ALIGN (0x8)
 *(.srodata.cst16)
 *(.srodata.cst8)
 *(.srodata.cst4)
 *(.srodata.cst2)
 *(.srodata .srodata.*)
                0x0000000020000018                . = ALIGN (0x4)
                0x0000000020000018                PROVIDE (_edata = .)

.bss            0x0000000020000018       0x68 load address 0x0000000000000aac
                0x0000000020000018                . = ALIGN (0x4)
                0x0000000020000018                PROVIDE (_sbss = .)
 *(.sbss*)
 *(.gnu.linkonce.sb.*)
 *(.bss*)
 .bss.p_ms      0x0000000020000018        0x2 project/source/Debug/debug.c.o
 .bss.p_us      0x000000002000001a        0x1 project/source/Debug/debug.c.o
 *fill*         0x000000002000001b        0x1 
 .bss.NVIC_Priority_Group
                0x000000002000001c        0x4 project/source/Peripheral/src/ch32v00x_misc.c.o
                0x000000002000001c                NVIC_Priority_Group
 .bss.LEDPWM    0x0000000020000020       0x50 project/source/user_code/main.c.o
                0x0000000020000020                LEDPWM
 .bss.cyclelong
                0x0000000020000070        0x4 project/source/user_code/main.c.o
                0x0000000020000070                cyclelong
 .bss.cycleshort
                0x0000000020000074        0x4 project/source/user_code/main.c.o
                0x0000000020000074                cycleshort
 .bss.inputflag
                0x0000000020000078        0x4 project/source/user_code/main.c.o
                0x0000000020000078                inputflag
 .bss.inputstatus
                0x000000002000007c        0x4 project/source/user_code/main.c.o
                0x000000002000007c                inputstatus
 *(.gnu.linkonce.b.*)
 *(COMMON*)
                0x0000000020000080                . = ALIGN (0x4)
                0x0000000020000080                PROVIDE (_ebss = .)
                0x0000000020000080                PROVIDE (_end = _ebss)
                [!provide]                        PROVIDE (end = .)

.stack          0x0000000020000700      0x100
                0x0000000020000700                PROVIDE (_heap_end = .)
                0x0000000020000700                . = ALIGN (0x4)
                [!provide]                        PROVIDE (_susrstack = .)
                0x0000000020000800                . = (. + __stack_size)
 *fill*         0x0000000020000700      0x100 
                0x0000000020000800                PROVIDE (_eusrstack = .)
OUTPUT(application.elf elf32-littleriscv)

.debug_info     0x0000000000000000     0x2b14
 .debug_info    0x0000000000000000      0x68f project/source/Debug/debug.c.o
 .debug_info    0x000000000000068f      0x71c project/source/Peripheral/src/ch32v00x_gpio.c.o
 .debug_info    0x0000000000000dab      0x63b project/source/Peripheral/src/ch32v00x_misc.c.o
 .debug_info    0x00000000000013e6      0x7c7 project/source/Peripheral/src/ch32v00x_rcc.c.o
 .debug_info    0x0000000000001bad       0x9b project/source/user_code/ch32v00x_it.c.o
 .debug_info    0x0000000000001c48      0xb40 project/source/user_code/main.c.o
 .debug_info    0x0000000000002788      0x36a project/source/user_code/system_ch32v00x.c.o
 .debug_info    0x0000000000002af2       0x22 project/source/Startup/startup_ch32v00x.S.o

.debug_abbrev   0x0000000000000000      0xba6
 .debug_abbrev  0x0000000000000000      0x1e8 project/source/Debug/debug.c.o
 .debug_abbrev  0x00000000000001e8      0x1ae project/source/Peripheral/src/ch32v00x_gpio.c.o
 .debug_abbrev  0x0000000000000396      0x1c3 project/source/Peripheral/src/ch32v00x_misc.c.o
 .debug_abbrev  0x0000000000000559      0x232 project/source/Peripheral/src/ch32v00x_rcc.c.o
 .debug_abbrev  0x000000000000078b       0x47 project/source/user_code/ch32v00x_it.c.o
 .debug_abbrev  0x00000000000007d2      0x232 project/source/user_code/main.c.o
 .debug_abbrev  0x0000000000000a04      0x190 project/source/user_code/system_ch32v00x.c.o
 .debug_abbrev  0x0000000000000b94       0x12 project/source/Startup/startup_ch32v00x.S.o

.debug_loc      0x0000000000000000     0x1271
 .debug_loc     0x0000000000000000      0x167 project/source/Debug/debug.c.o
 .debug_loc     0x0000000000000167      0x657 project/source/Peripheral/src/ch32v00x_gpio.c.o
 .debug_loc     0x00000000000007be      0x2ca project/source/Peripheral/src/ch32v00x_misc.c.o
 .debug_loc     0x0000000000000a88      0x4bc project/source/Peripheral/src/ch32v00x_rcc.c.o
 .debug_loc     0x0000000000000f44      0x2a1 project/source/user_code/main.c.o
 .debug_loc     0x00000000000011e5       0x8c project/source/user_code/system_ch32v00x.c.o

.debug_aranges  0x0000000000000000      0x2c0
 .debug_aranges
                0x0000000000000000       0x48 project/source/Debug/debug.c.o
 .debug_aranges
                0x0000000000000048       0x90 project/source/Peripheral/src/ch32v00x_gpio.c.o
 .debug_aranges
                0x00000000000000d8       0x28 project/source/Peripheral/src/ch32v00x_misc.c.o
 .debug_aranges
                0x0000000000000100       0xe0 project/source/Peripheral/src/ch32v00x_rcc.c.o
 .debug_aranges
                0x00000000000001e0       0x28 project/source/user_code/ch32v00x_it.c.o
 .debug_aranges
                0x0000000000000208       0x50 project/source/user_code/main.c.o
 .debug_aranges
                0x0000000000000258       0x38 project/source/user_code/system_ch32v00x.c.o
 .debug_aranges
                0x0000000000000290       0x30 project/source/Startup/startup_ch32v00x.S.o

.debug_ranges   0x0000000000000000      0x260
 .debug_ranges  0x0000000000000000       0x38 project/source/Debug/debug.c.o
 .debug_ranges  0x0000000000000038       0x80 project/source/Peripheral/src/ch32v00x_gpio.c.o
 .debug_ranges  0x00000000000000b8       0x18 project/source/Peripheral/src/ch32v00x_misc.c.o
 .debug_ranges  0x00000000000000d0       0xd0 project/source/Peripheral/src/ch32v00x_rcc.c.o
 .debug_ranges  0x00000000000001a0       0x18 project/source/user_code/ch32v00x_it.c.o
 .debug_ranges  0x00000000000001b8       0x58 project/source/user_code/main.c.o
 .debug_ranges  0x0000000000000210       0x28 project/source/user_code/system_ch32v00x.c.o
 .debug_ranges  0x0000000000000238       0x28 project/source/Startup/startup_ch32v00x.S.o

.debug_macro    0x0000000000000000     0x699d
 .debug_macro   0x0000000000000000      0x296 project/source/Debug/debug.c.o
 .debug_macro   0x0000000000000296      0x760 project/source/Debug/debug.c.o
 .debug_macro   0x00000000000009f6       0x2e project/source/Debug/debug.c.o
 .debug_macro   0x0000000000000a24       0x22 project/source/Debug/debug.c.o
 .debug_macro   0x0000000000000a46       0x8e project/source/Debug/debug.c.o
 .debug_macro   0x0000000000000ad4       0x51 project/source/Debug/debug.c.o
 .debug_macro   0x0000000000000b25      0x103 project/source/Debug/debug.c.o
 .debug_macro   0x0000000000000c28       0x6a project/source/Debug/debug.c.o
 .debug_macro   0x0000000000000c92      0x1df project/source/Debug/debug.c.o
 .debug_macro   0x0000000000000e71       0x46 project/source/Debug/debug.c.o
 .debug_macro   0x0000000000000eb7     0x2944 project/source/Debug/debug.c.o
 .debug_macro   0x00000000000037fb      0x16f project/source/Debug/debug.c.o
 .debug_macro   0x000000000000396a       0x22 project/source/Debug/debug.c.o
 .debug_macro   0x000000000000398c      0x201 project/source/Debug/debug.c.o
 .debug_macro   0x0000000000003b8d       0x46 project/source/Debug/debug.c.o
 .debug_macro   0x0000000000003bd3      0x10c project/source/Debug/debug.c.o
 .debug_macro   0x0000000000003cdf       0xe8 project/source/Debug/debug.c.o
 .debug_macro   0x0000000000003dc7      0x1bf project/source/Debug/debug.c.o
 .debug_macro   0x0000000000003f86       0x4c project/source/Debug/debug.c.o
 .debug_macro   0x0000000000003fd2       0x28 project/source/Debug/debug.c.o
 .debug_macro   0x0000000000003ffa       0xa6 project/source/Debug/debug.c.o
 .debug_macro   0x00000000000040a0      0x1a8 project/source/Debug/debug.c.o
 .debug_macro   0x0000000000004248      0x11e project/source/Debug/debug.c.o
 .debug_macro   0x0000000000004366      0x564 project/source/Debug/debug.c.o
 .debug_macro   0x00000000000048ca      0x15e project/source/Debug/debug.c.o
 .debug_macro   0x0000000000004a28       0x22 project/source/Debug/debug.c.o
 .debug_macro   0x0000000000004a4a       0x58 project/source/Debug/debug.c.o
 .debug_macro   0x0000000000004aa2       0x19 project/source/Debug/debug.c.o
 .debug_macro   0x0000000000004abb       0x34 project/source/Debug/debug.c.o
 .debug_macro   0x0000000000004aef       0x34 project/source/Debug/debug.c.o
 .debug_macro   0x0000000000004b23       0x16 project/source/Debug/debug.c.o
 .debug_macro   0x0000000000004b39       0x97 project/source/Debug/debug.c.o
 .debug_macro   0x0000000000004bd0      0x35d project/source/Debug/debug.c.o
 .debug_macro   0x0000000000004f2d       0xf6 project/source/Debug/debug.c.o
 .debug_macro   0x0000000000005023       0x10 project/source/Debug/debug.c.o
 .debug_macro   0x0000000000005033       0x16 project/source/Debug/debug.c.o
 .debug_macro   0x0000000000005049       0x43 project/source/Debug/debug.c.o
 .debug_macro   0x000000000000508c       0x34 project/source/Debug/debug.c.o
 .debug_macro   0x00000000000050c0       0x10 project/source/Debug/debug.c.o
 .debug_macro   0x00000000000050d0       0x52 project/source/Debug/debug.c.o
 .debug_macro   0x0000000000005122      0x182 project/source/Debug/debug.c.o
 .debug_macro   0x00000000000052a4       0x10 project/source/Debug/debug.c.o
 .debug_macro   0x00000000000052b4       0x1c project/source/Debug/debug.c.o
 .debug_macro   0x00000000000052d0       0x52 project/source/Debug/debug.c.o
 .debug_macro   0x0000000000005322       0x22 project/source/Debug/debug.c.o
 .debug_macro   0x0000000000005344       0x10 project/source/Debug/debug.c.o
 .debug_macro   0x0000000000005354       0x52 project/source/Debug/debug.c.o
 .debug_macro   0x00000000000053a6       0xd5 project/source/Debug/debug.c.o
 .debug_macro   0x000000000000547b       0x1c project/source/Debug/debug.c.o
 .debug_macro   0x0000000000005497       0x3d project/source/Debug/debug.c.o
 .debug_macro   0x00000000000054d4       0x16 project/source/Debug/debug.c.o
 .debug_macro   0x00000000000054ea      0x16f project/source/Debug/debug.c.o
 .debug_macro   0x0000000000005659       0x10 project/source/Debug/debug.c.o
 .debug_macro   0x0000000000005669      0x2ba project/source/Peripheral/src/ch32v00x_gpio.c.o
 .debug_macro   0x0000000000005923       0xe2 project/source/Peripheral/src/ch32v00x_gpio.c.o
 .debug_macro   0x0000000000005a05      0x29c project/source/Peripheral/src/ch32v00x_misc.c.o
 .debug_macro   0x0000000000005ca1       0x22 project/source/Peripheral/src/ch32v00x_misc.c.o
 .debug_macro   0x0000000000005cc3      0x33e project/source/Peripheral/src/ch32v00x_rcc.c.o
 .debug_macro   0x0000000000006001      0x1a2 project/source/Peripheral/src/ch32v00x_rcc.c.o
 .debug_macro   0x00000000000061a3      0x296 project/source/user_code/ch32v00x_it.c.o
 .debug_macro   0x0000000000006439      0x2cc project/source/user_code/main.c.o
 .debug_macro   0x0000000000006705      0x298 project/source/user_code/system_ch32v00x.c.o

.debug_line     0x0000000000000000     0x5699
 .debug_line    0x0000000000000000      0x9d8 project/source/Debug/debug.c.o
 .debug_line    0x00000000000009d8      0xfbd project/source/Peripheral/src/ch32v00x_gpio.c.o
 .debug_line    0x0000000000001995      0xa19 project/source/Peripheral/src/ch32v00x_misc.c.o
 .debug_line    0x00000000000023ae     0x1112 project/source/Peripheral/src/ch32v00x_rcc.c.o
 .debug_line    0x00000000000034c0      0x5fa project/source/user_code/ch32v00x_it.c.o
 .debug_line    0x0000000000003aba     0x1012 project/source/user_code/main.c.o
 .debug_line    0x0000000000004acc      0xa18 project/source/user_code/system_ch32v00x.c.o
 .debug_line    0x00000000000054e4      0x1b5 project/source/Startup/startup_ch32v00x.S.o

.debug_str      0x0000000000000000    0x1c24d
 .debug_str     0x0000000000000000    0x1b22b project/source/Debug/debug.c.o
                                      0x1b434 (size before relaxing)
 .debug_str     0x000000000001b22b      0x2d8 project/source/Peripheral/src/ch32v00x_gpio.c.o
                                      0x1b4ef (size before relaxing)
 .debug_str     0x000000000001b503      0x312 project/source/Peripheral/src/ch32v00x_misc.c.o
                                      0x1b431 (size before relaxing)
 .debug_str     0x000000000001b815      0x7b1 project/source/Peripheral/src/ch32v00x_rcc.c.o
                                      0x1b92c (size before relaxing)
 .debug_str     0x000000000001bfc6       0x40 project/source/user_code/ch32v00x_it.c.o
                                      0x1b0c6 (size before relaxing)
 .debug_str     0x000000000001c006      0x179 project/source/user_code/main.c.o
                                      0x1b430 (size before relaxing)
 .debug_str     0x000000000001c17f       0x9d project/source/user_code/system_ch32v00x.c.o
                                      0x1b25f (size before relaxing)
 .debug_str     0x000000000001c21c       0x31 project/source/Startup/startup_ch32v00x.S.o
                                         0x8b (size before relaxing)

.comment        0x0000000000000000       0x33
 .comment       0x0000000000000000       0x33 project/source/Debug/debug.c.o
                                         0x34 (size before relaxing)
 .comment       0x0000000000000033       0x34 project/source/Peripheral/src/ch32v00x_gpio.c.o
 .comment       0x0000000000000033       0x34 project/source/Peripheral/src/ch32v00x_misc.c.o
 .comment       0x0000000000000033       0x34 project/source/Peripheral/src/ch32v00x_rcc.c.o
 .comment       0x0000000000000033       0x34 project/source/user_code/ch32v00x_it.c.o
 .comment       0x0000000000000033       0x34 project/source/user_code/main.c.o
 .comment       0x0000000000000033       0x34 project/source/user_code/system_ch32v00x.c.o

.debug_frame    0x0000000000000000      0x570
 .debug_frame   0x0000000000000000       0xc8 project/source/Debug/debug.c.o
 .debug_frame   0x00000000000000c8      0x118 project/source/Peripheral/src/ch32v00x_gpio.c.o
 .debug_frame   0x00000000000001e0       0x30 project/source/Peripheral/src/ch32v00x_misc.c.o
 .debug_frame   0x0000000000000210      0x1c0 project/source/Peripheral/src/ch32v00x_rcc.c.o
 .debug_frame   0x00000000000003d0       0x30 project/source/user_code/ch32v00x_it.c.o
 .debug_frame   0x0000000000000400      0x104 project/source/user_code/main.c.o
 .debug_frame   0x0000000000000504       0x6c project/source/user_code/system_ch32v00x.c.o
